../Core/Src/main.c:79:5:main	24	static
../Core/Src/main.c:130:6:TaskMonitor_App	16	static
../Core/Src/main.c:137:6:Red_LED_App	24	static
../Core/Src/main.c:146:6:Green_LED_App	24	static
../Core/Src/main.c:155:6:Delay_App	24	static
../Core/Src/main.c:169:6:USART_Test	72	static
../Core/Src/main.c:191:6:SystemClock_Config	88	static
../Core/Src/main.c:239:13:MX_USART2_UART_Init	8	static
../Core/Src/main.c:272:13:MX_GPIO_Init	56	static
../Core/Src/main.c:417:6:HAL_TIM_PeriodElapsedCallback	16	static
../Core/Src/main.c:434:6:Error_Handler	4	static,ignoring_inline_asm
